// Jest Snapshot v1, https://goo.gl/fbAQLP

exports[`<DraggableButton /> renders correctly 1`] = `null`;
