// Jest Snapshot v1, https://goo.gl/fbAQLP

exports[`<ExpandablePanel /> renders correctly 1`] = `
<div
  className="makeStyles-container-1"
>
  <button
    className="MuiButtonBase-root MuiButton-root MuiButton-outlined makeStyles-button-3"
    disabled={false}
    onBlur={[Function]}
    onClick={[Function]}
    onDragLeave={[Function]}
    onFocus={[Function]}
    onKeyDown={[Function]}
    onKeyUp={[Function]}
    onMouseDown={[Function]}
    onMouseLeave={[Function]}
    onMouseUp={[Function]}
    onTouchEnd={[Function]}
    onTouchMove={[Function]}
    onTouchStart={[Function]}
    tabIndex={0}
    type="button"
  >
    <span
      className="MuiButton-label"
    >
      <span
        className="MuiButton-startIcon MuiButton-iconSizeMedium"
      >
        <svg
          aria-hidden={true}
          className="MuiSvgIcon-root"
          focusable="false"
          viewBox="0 0 24 24"
        >
          <path
            d="M16.59 8.59L12 13.17 7.41 8.59 6 10l6 6 6-6z"
          />
        </svg>
      </span>
      More
    </span>
  </button>
</div>
`;
